main.c:81:6:HAL_UART_RxCpltCallback	16	static
main.c:96:5:main	168	static
main.c:205:6:SystemClock_Config	88	static
main.c:250:13:MX_ADC1_Init	24	static
main.c:300:13:MX_USART1_UART_Init	8	static
main.c:333:13:MX_USART2_UART_Init	8	static
main.c:366:13:MX_GPIO_Init	48	static
main.c:411:6:StartDefaultTask	16	static
main.c:429:6:StartTask01	64	static
main.c:487:6:StartTask02	64	static
main.c:538:6:StartTask03	40	static
main.c:572:6:StartTask04	40	static
main.c:609:6:Error_Handler	4	static,ignoring_inline_asm
